<html>
<head>
<i>laugh face!</i>
</head>
<body>
<h3>I am body </h3>
<i>laugh face!</i>

<footer>
	static compiling of html file, simplest!
</footer>

</body>
</html>
