<html>
<head>
<i>Crying face!</i>
</head>
<body>

</body>
</html>
